{"RegistrationID":1234567890,"RegistrationType":1,"RecordLockedDateTime":"2023-03-06T09:30:50.000","DeceasedName":{"PersonNameTitle":"Mrs","PersonGivenName":["ERICA"],"PersonFamilyName":"BLOGG","PersonNameSuffix":null},"DeceasedGender":2,"DeceasedDeathDate":{"PersonDeathDate":"2007-03-06","VerificationLevel":null},"DeceasedBirthDate":{"PersonBirthDate":"1967-03-06","VerificationLevel":null},"DeceasedAddress":{"Flat":null,"Building":null,"Line":["123 Street"],"Postcode":"GT8 5HG"}}