{"aud":null,"events":{"https://vocab.account.gov.uk/v1/deathRegistrationUpdated":{"deathRegistrationID":123456,"deathRegistrationUpdateReason":null,"recordUpdateTime":{"value":"2022-11-02T12:00:00.000"},"subject":{}}},"exp":null,"iat":1,"iss":null,"jti":null,"nbf":null,"sub":null,"toe":null,"txn":"guid_1"}