{"aud":null,"events":{"https://ssf.account.gov.uk/v1/deathRegistrationUpdate":{"deathRegistrationID":123456,"deathRegistrationUpdateReason":null,"recordUpdateTime":{"value":"2022-11-02T12:00:00.000"},"subject":{}}},"exp":null,"iat":null,"iss":null,"jti":null,"nbf":null,"sub":null,"toe":null,"txn":null}