{"eventId":"guid_1","eventType":"DEATH_NOTIFICATION","sourceId":"123456789","eventData":{"registrationDate":"2020-02-02","firstNames":"JANE","lastName":"","sex":"FEMALE","dateOfDeath":"2020-06-06","dateOfBirth":"1978-04-05","birthPlace":null,"deathPlace":null,"maidenName":"","occupation":null,"retired":null,"address":"NE28 9FJ"}}