{"data":{"id":"guid_1","type":"events","attributes":{"eventType":"DEATH_NOTIFICATION","sourceId":"urn:fdc:gro.gov.uk:2023:death:123456789","eventData":{"registrationDate":"2020-02-02","firstNames":"JANE","lastName":"SMITH","sex":"FEMALE","dateOfDeath":"2020-06-06","dateOfBirth":"1978-04-05","birthPlace":null,"deathPlace":null,"maidenName":"","occupation":null,"retired":null,"address":"NE28 9FJ"},"dataIncluded":null},"links":null,"meta":null},"links":null,"meta":null}
