<DeathRegistrationGroup xmlns="http://www.ons.gov.uk/gro/OGDDeathExtractDWP"><DeathRegistration xmlns=""><RegistrationID>31989013</RegistrationID><RecordUpdateDateTime>1971-09-12T13:09:01.000</RecordUpdateDateTime><RecordUpdateReason>3</RecordUpdateReason><DeceasedName><wstxns1:PersonNameTitle xmlns:wstxns1="http://www.ons.gov.uk/gro/people/GROPersonDescriptives">Dr</wstxns1:PersonNameTitle><wstxns2:PersonGivenName xmlns:wstxns2="http://www.ons.gov.uk/gro/people/GROPersonDescriptives">MARY</wstxns2:PersonGivenName><wstxns3:PersonGivenName xmlns:wstxns3="http://www.ons.gov.uk/gro/people/GROPersonDescriptives">ALICE</wstxns3:PersonGivenName><wstxns4:PersonFamilyName xmlns:wstxns4="http://www.ons.gov.uk/gro/people/GROPersonDescriptives">SMITH</wstxns4:PersonFamilyName><wstxns5:PersonNameSuffix xmlns:wstxns5="http://www.ons.gov.uk/gro/people/GROPersonDescriptives"></wstxns5:PersonNameSuffix></DeceasedName><DeceasedMaidenName>TAKAHASHI JOHNSON</DeceasedMaidenName><DeceasedGender>2</DeceasedGender><PartialMonthOfDeath>10</PartialMonthOfDeath><PartialYearOfDeath>2016</PartialYearOfDeath><DeceasedBirthDate><wstxns6:PersonBirthDate xmlns:wstxns6="http://www.govtalk.gov.uk/people/PersonDescriptives">1998-10-13</wstxns6:PersonBirthDate><wstxns7:VerificationLevel xmlns:wstxns7="http://www.govtalk.gov.uk/people/PersonDescriptives">00</wstxns7:VerificationLevel></DeceasedBirthDate><DeceasedAddress><wstxns8:Flat xmlns:wstxns8="http://www.ons.gov.uk/gro/people/GROAddressDescriptives"/><wstxns9:Building xmlns:wstxns9="http://www.ons.gov.uk/gro/people/GROAddressDescriptives"/><wstxns10:Line xmlns:wstxns10="http://www.ons.gov.uk/gro/people/GROAddressDescriptives">27 Brown Lane</wstxns10:Line><wstxns11:Line xmlns:wstxns11="http://www.ons.gov.uk/gro/people/GROAddressDescriptives">Somerset</wstxns11:Line><wstxns12:Postcode xmlns:wstxns12="http://www.ons.gov.uk/gro/people/GROAddressDescriptives">IV44 8RF</wstxns12:Postcode></DeceasedAddress></DeathRegistration><DeathRegistration xmlns=""><RegistrationID>22664075</RegistrationID><RecordUpdateDateTime>1974-04-11T12:03:43.000</RecordUpdateDateTime><RecordUpdateReason>4</RecordUpdateReason><DeceasedName><wstxns13:PersonNameTitle xmlns:wstxns13="http://www.ons.gov.uk/gro/people/GROPersonDescriptives">Mrs</wstxns13:PersonNameTitle><wstxns14:PersonGivenName xmlns:wstxns14="http://www.ons.gov.uk/gro/people/GROPersonDescriptives">CHRISTOF</wstxns14:PersonGivenName><wstxns15:PersonFamilyName xmlns:wstxns15="http://www.ons.gov.uk/gro/people/GROPersonDescriptives">JONES</wstxns15:PersonFamilyName><wstxns16:PersonNameSuffix xmlns:wstxns16="http://www.ons.gov.uk/gro/people/GROPersonDescriptives"></wstxns16:PersonNameSuffix></DeceasedName><DeceasedAliasName><wstxns17:PersonNameTitle xmlns:wstxns17="http://www.ons.gov.uk/gro/people/GROPersonDescriptives">Dr</wstxns17:PersonNameTitle><wstxns18:PersonGivenName xmlns:wstxns18="http://www.ons.gov.uk/gro/people/GROPersonDescriptives">JANE</wstxns18:PersonGivenName><wstxns19:PersonFamilyName xmlns:wstxns19="http://www.ons.gov.uk/gro/people/GROPersonDescriptives">GROVES</wstxns19:PersonFamilyName><wstxns20:PersonNameSuffix xmlns:wstxns20="http://www.ons.gov.uk/gro/people/GROPersonDescriptives">PhD</wstxns20:PersonNameSuffix></DeceasedAliasName><DeceasedAliasName><wstxns21:PersonNameTitle xmlns:wstxns21="http://www.ons.gov.uk/gro/people/GROPersonDescriptives">Mrs</wstxns21:PersonNameTitle><wstxns22:PersonGivenName xmlns:wstxns22="http://www.ons.gov.uk/gro/people/GROPersonDescriptives">JANE</wstxns22:PersonGivenName><wstxns23:PersonFamilyName xmlns:wstxns23="http://www.ons.gov.uk/gro/people/GROPersonDescriptives">GROVES</wstxns23:PersonFamilyName><wstxns24:PersonNameSuffix xmlns:wstxns24="http://www.ons.gov.uk/gro/people/GROPersonDescriptives"/></DeceasedAliasName><DeceasedAliasName><wstxns25:PersonNameTitle xmlns:wstxns25="http://www.ons.gov.uk/gro/people/GROPersonDescriptives">Ms</wstxns25:PersonNameTitle><wstxns26:PersonGivenName xmlns:wstxns26="http://www.ons.gov.uk/gro/people/GROPersonDescriptives">JANE</wstxns26:PersonGivenName><wstxns27:PersonFamilyName xmlns:wstxns27="http://www.ons.gov.uk/gro/people/GROPersonDescriptives">PARR</wstxns27:PersonFamilyName><wstxns28:PersonNameSuffix xmlns:wstxns28="http://www.ons.gov.uk/gro/people/GROPersonDescriptives"/></DeceasedAliasName><DeceasedAliasName><wstxns29:PersonNameTitle xmlns:wstxns29="http://www.ons.gov.uk/gro/people/GROPersonDescriptives">Ms</wstxns29:PersonNameTitle><wstxns30:PersonGivenName xmlns:wstxns30="http://www.ons.gov.uk/gro/people/GROPersonDescriptives">JANE</wstxns30:PersonGivenName><wstxns31:PersonGivenName xmlns:wstxns31="http://www.ons.gov.uk/gro/people/GROPersonDescriptives">AMY</wstxns31:PersonGivenName><wstxns32:PersonFamilyName xmlns:wstxns32="http://www.ons.gov.uk/gro/people/GROPersonDescriptives">PARR</wstxns32:PersonFamilyName><wstxns33:PersonNameSuffix xmlns:wstxns33="http://www.ons.gov.uk/gro/people/GROPersonDescriptives"/></DeceasedAliasName><DeceasedAliasNameType>formerly known as</DeceasedAliasNameType><DeceasedMaidenName>TAYLOR</DeceasedMaidenName><DeceasedGender>9</DeceasedGender><PartialMonthOfDeath>4</PartialMonthOfDeath><PartialYearOfDeath>2002</PartialYearOfDeath><FreeFormatDeathDate>qualifiertext</FreeFormatDeathDate><PartialMonthOfBirth>9</PartialMonthOfBirth><PartialYearOfBirth>2019</PartialYearOfBirth><FreeFormatBirthDate>Free format birth date</FreeFormatBirthDate><DeceasedAddress><wstxns34:Flat xmlns:wstxns34="http://www.ons.gov.uk/gro/people/GROAddressDescriptives"/><wstxns35:Building xmlns:wstxns35="http://www.ons.gov.uk/gro/people/GROAddressDescriptives"/><wstxns36:Line xmlns:wstxns36="http://www.ons.gov.uk/gro/people/GROAddressDescriptives">Springfield</wstxns36:Line><wstxns37:Line xmlns:wstxns37="http://www.ons.gov.uk/gro/people/GROAddressDescriptives">Telham</wstxns37:Line><wstxns38:Line xmlns:wstxns38="http://www.ons.gov.uk/gro/people/GROAddressDescriptives">Kent</wstxns38:Line><wstxns39:Postcode xmlns:wstxns39="http://www.ons.gov.uk/gro/people/GROAddressDescriptives">NR99 1AB</wstxns39:Postcode></DeceasedAddress></DeathRegistration><DeathRegistration xmlns=""><RegistrationID>25763120</RegistrationID><RecordLockedDateTime>2008-04-22T12:03:11.000</RecordLockedDateTime><DeceasedName><wstxns40:PersonNameTitle xmlns:wstxns40="http://www.ons.gov.uk/gro/people/GROPersonDescriptives">Mrs</wstxns40:PersonNameTitle><wstxns41:PersonGivenName xmlns:wstxns41="http://www.ons.gov.uk/gro/people/GROPersonDescriptives">BARRY</wstxns41:PersonGivenName><wstxns42:PersonFamilyName xmlns:wstxns42="http://www.ons.gov.uk/gro/people/GROPersonDescriptives">PEREZ</wstxns42:PersonFamilyName><wstxns43:PersonNameSuffix xmlns:wstxns43="http://www.ons.gov.uk/gro/people/GROPersonDescriptives"></wstxns43:PersonNameSuffix></DeceasedName><DeceasedGender>1</DeceasedGender><DeceasedDeathDate><wstxns44:PersonDeathDate xmlns:wstxns44="http://www.govtalk.gov.uk/people/PersonDescriptives">1988-12-25</wstxns44:PersonDeathDate><wstxns45:VerificationLevel xmlns:wstxns45="http://www.govtalk.gov.uk/people/PersonDescriptives">02</wstxns45:VerificationLevel></DeceasedDeathDate><PartialMonthOfBirth>9</PartialMonthOfBirth><PartialYearOfBirth>1987</PartialYearOfBirth><DeceasedAddress><wstxns46:Flat xmlns:wstxns46="http://www.ons.gov.uk/gro/people/GROAddressDescriptives"/><wstxns47:Building xmlns:wstxns47="http://www.ons.gov.uk/gro/people/GROAddressDescriptives"/><wstxns48:Line xmlns:wstxns48="http://www.ons.gov.uk/gro/people/GROAddressDescriptives">10 Test Street</wstxns48:Line><wstxns49:Line xmlns:wstxns49="http://www.ons.gov.uk/gro/people/GROAddressDescriptives">Test Town</wstxns49:Line><wstxns50:Line xmlns:wstxns50="http://www.ons.gov.uk/gro/people/GROAddressDescriptives">Test County</wstxns50:Line><wstxns51:Postcode xmlns:wstxns51="http://www.ons.gov.uk/gro/people/GROAddressDescriptives">PR8 1HY</wstxns51:Postcode></DeceasedAddress></DeathRegistration><RecordCount xmlns="">3</RecordCount></DeathRegistrationGroup>