[{"groJsonRecord":{"RegistrationID":1,"DeceasedName":{"PersonNameTitle":null,"PersonGivenName":["ERICA","CHRISTINA"],"PersonFamilyName":"BLOGG","PersonNameSuffix":null},"DeceasedGender":2,"DeceasedAddress":{"Flat":null,"Building":null,"Line":["263 Ave Maria Lane","Bourton-on-the-hill"],"Postcode":"BT62 4HL"}},"authenticationToken":"accessToken"}]