[{"groJsonRecord":{"RegistrationID":1,"DeceasedName":{"PersonNameTitle":null,"PersonGivenName":["ERICA","CHRISTINA"],"PersonFamilyName":"BLOGG","PersonNameSuffix":null},"DeceasedGender":2,"DeceasedAddress":{"Flat":null,"Building":null,"Line":["263 Ave Maria Lane","Bourton-on-the-hill"],"Postcode":"BT62 4HL"}},"authenticationToken":"accessToken","correlationID":"guid_1"},{"groJsonRecord":{"RegistrationID":2,"DeceasedName":{"PersonNameTitle":null,"PersonGivenName":["BOB"],"PersonFamilyName":null,"PersonNameSuffix":null},"DeceasedGender":1,"DeceasedBirthDate":{"PersonBirthDate":"1958-06-06","VerificationLevel":"02"}},"authenticationToken":"accessToken","correlationID":"guid_2"}]
