{"aud":null,"events":{"https://vocab.account.gov.uk/v1/deathRegistrationUpdated":{"deathDate":{"description":null,"value":"2007-03-06"},"deathRegistrationID":1234567890,"deathRegistrationUpdateReason":"formal_correction","freeFormatDeathDate":null,"recordUpdateTime":"2019-04-03T10:01:00.000","subject":{"address":[{"addressCountry":null,"addressLocality":null,"buildingName":null,"buildingNumber":null,"departmentName":null,"dependentAddressLocality":null,"dependentStreetName":null,"doubleDependentAddressLocality":null,"organisationName":null,"postalCode":"GT8 5HG","streetName":null,"subBuildingName":null,"uprn":null,"validFrom":null,"validUntil":null}],"birthDate":[{"description":null,"value":"1967-03-06"}],"name":[{"description":null,"nameParts":[{"type":"GivenName","value":"ERICA","validFrom":null,"validUntil":null},{"type":"FamilyName","value":"BLOGG","validFrom":null,"validUntil":null}],"validFrom":null,"validUntil":null}],"sex":["Female"],"freeFormatBirthDate":null}}},"exp":null,"iat":1,"iss":null,"jti":"guid_1","nbf":null,"sub":null,"toe":1554285660,"txn":"guid_2"}