{"aud":null,"events":{"https://vocab.account.gov.uk/v1/deathRegistered":{"deathDate":{"description":null,"value":"2007-03-06"},"deathRegistrationID":1234567890,"freeFormatDeathDate":null,"deathRegistrationTime":[2023,3,6,9,30,50],"subject":{"address":[{"addressCountry":null,"addressLocality":null,"buildingName":null,"buildingNumber":null,"departmentName":null,"dependentAddressLocality":null,"dependentStreetName":null,"doubleDependentAddressLocality":null,"organisationName":null,"postalCode":"GT8 5HG","streetName":null,"subBuildingName":null,"uprn":null,"validFrom":null,"validUntil":null}],"birthDate":[{"description":null,"value":"1967-03-06"}],"name":[{"description":null,"nameParts":[{"type":"GivenName","value":"ERICA","validFrom":null,"validUntil":null},{"type":"FamilyName","value":"BLOGG","validFrom":null,"validUntil":null}],"validFrom":null,"validUntil":null}],"sex":["Female"],"freeFormatBirthDate":null}}},"exp":null,"iat":1,"iss":null,"jti":"guid_1","nbf":null,"sub":null,"toe":1678095050,"txn":"guid_2"}