{
  "data": [
    {
      "id": "guid_1",
      "type": "events",
      "attributes": {
        "eventType": "DEATH_NOTIFICATION",
        "sourceId": "1234",
        "dataIncluded": false
      },
      "links": {
        "self": "https://localhost/events/guid_1"
      },
      "meta": {
        "enrichmentFields": [
          "registrationDate",
          "firstNames",
          "lastName",
          "maidenName",
          "dateOfDeath",
          "dateOfBirth",
          "sex",
          "address",
          "birthPlace",
          "deathPlace",
          "occupation",
          "retired"
        ]
      }
    }
  ],
  "links": {
    "self": "https://localhost/events?page%5Bnumber%5D\u003d0\u0026page%5Bsize%5D\u003d100"
  },
  "meta": {
    "page": {
      "size": 100,
      "totalElements": 1,
      "totalPages": 1,
      "number": 0
    }
  }
}