{
  "data": {
    "id": "guid_1",
    "type": "events",
    "attributes": {
      "eventType": "DEATH_NOTIFICATION",
      "sourceId": "1234",
      "eventData": {
        "registrationDate": "2008-08-08",
        "firstNames": "Joan Narcissus Ouroboros",
        "lastName": "SMITH",
        "sex": "Indeterminate",
        "dateOfDeath": "2008-08-08",
        "dateOfBirth": "2008-08-08",
        "address": "888 Death House, 8 Death lane, Deadington, Deadshire"
      }
    },
    "meta": {}
  },
  "links": {
    "self": "https://localhost/events/guid_1",
    "collection": "https://localhost/events?page%5Bnumber%5D\u003d0\u0026page%5Bsize%5D\u003d100"
  }
}