PagedModel { content: [EntityModel { content: EventNotification(eventId=a5383689-1192-4078-a4a6-a611b0a34c6e, eventType=DEATH_NOTIFICATION, sourceId=a5383689-1192-4078-a4a6-a611b0a34c6e, eventData=DeathNotificationDetails(firstName=Bob, lastName=null, dateOfBirth=null, dateOfDeath=null, address=null, sex=null)), links: [<http://localhost/events/a5383689-1192-4078-a4a6-a611b0a34c6e>;rel="self"] }, EntityModel { content: EventNotification(eventId=ec39aa80-2fa2-4d46-9211-c66fc94024d3, eventType=DEATH_NOTIFICATION, sourceId=ec39aa80-2fa2-4d46-9211-c66fc94024d3, eventData=DeathNotificationDetails(firstName=Bob, lastName=Smith, dateOfBirth=null, dateOfDeath=null, address=null, sex=null)), links: [<http://localhost/events/ec39aa80-2fa2-4d46-9211-c66fc94024d3>;rel="self"] }], fallbackType: null, metadata: Metadata { number: 0, total pages: 1, total elements: 2, size: 10 }, links: <http://localhost/events?filter[eventType]=DEATH_NOTIFICATION&page[number]=0&page[size]=10>;rel="self" }
